// Jest Snapshot v1, https://goo.gl/fbAQLP

exports[`WebServerLogResults snapshot is correct 1`] = `
Object {
  "asFragment": [Function],
  "baseElement": <body>
    <div>
      <div>
        <h2>
          Total Visits
        </h2>
        <ul>
          <li>
            /help_page/1 - 5 visits
          </li>
          <li>
            /contact - 2 visits
          </li>
          <li>
            /home - 2 visits
          </li>
          <li>
            /about/2 - 1 visits
          </li>
          <li>
            /index - 1 visits
          </li>
          <li>
            /about - 1 visits
          </li>
        </ul>
        <h2>
          Unique Visits
        </h2>
        <ul>
          <li>
            /help_page/1 - 5 unique views
          </li>
          <li>
            /home - 2 unique views
          </li>
          <li>
            /contact - 1 unique views
          </li>
          <li>
            /about/2 - 1 unique views
          </li>
          <li>
            /index - 1 unique views
          </li>
          <li>
            /about - 1 unique views
          </li>
        </ul>
      </div>
    </div>
  </body>,
  "container": <div>
    <div>
      <h2>
        Total Visits
      </h2>
      <ul>
        <li>
          /help_page/1 - 5 visits
        </li>
        <li>
          /contact - 2 visits
        </li>
        <li>
          /home - 2 visits
        </li>
        <li>
          /about/2 - 1 visits
        </li>
        <li>
          /index - 1 visits
        </li>
        <li>
          /about - 1 visits
        </li>
      </ul>
      <h2>
        Unique Visits
      </h2>
      <ul>
        <li>
          /help_page/1 - 5 unique views
        </li>
        <li>
          /home - 2 unique views
        </li>
        <li>
          /contact - 1 unique views
        </li>
        <li>
          /about/2 - 1 unique views
        </li>
        <li>
          /index - 1 unique views
        </li>
        <li>
          /about - 1 unique views
        </li>
      </ul>
    </div>
  </div>,
  "debug": [Function],
  "findAllByAltText": [Function],
  "findAllByDisplayValue": [Function],
  "findAllByLabelText": [Function],
  "findAllByPlaceholderText": [Function],
  "findAllByRole": [Function],
  "findAllByTestId": [Function],
  "findAllByText": [Function],
  "findAllByTitle": [Function],
  "findByAltText": [Function],
  "findByDisplayValue": [Function],
  "findByLabelText": [Function],
  "findByPlaceholderText": [Function],
  "findByRole": [Function],
  "findByTestId": [Function],
  "findByText": [Function],
  "findByTitle": [Function],
  "getAllByAltText": [Function],
  "getAllByDisplayValue": [Function],
  "getAllByLabelText": [Function],
  "getAllByPlaceholderText": [Function],
  "getAllByRole": [Function],
  "getAllByTestId": [Function],
  "getAllByText": [Function],
  "getAllByTitle": [Function],
  "getByAltText": [Function],
  "getByDisplayValue": [Function],
  "getByLabelText": [Function],
  "getByPlaceholderText": [Function],
  "getByRole": [Function],
  "getByTestId": [Function],
  "getByText": [Function],
  "getByTitle": [Function],
  "queryAllByAltText": [Function],
  "queryAllByDisplayValue": [Function],
  "queryAllByLabelText": [Function],
  "queryAllByPlaceholderText": [Function],
  "queryAllByRole": [Function],
  "queryAllByTestId": [Function],
  "queryAllByText": [Function],
  "queryAllByTitle": [Function],
  "queryByAltText": [Function],
  "queryByDisplayValue": [Function],
  "queryByLabelText": [Function],
  "queryByPlaceholderText": [Function],
  "queryByRole": [Function],
  "queryByTestId": [Function],
  "queryByText": [Function],
  "queryByTitle": [Function],
  "rerender": [Function],
  "unmount": [Function],
}
`;
